
========================================================================
   Claude Auth Setup - Batch Script Test Suite
========================================================================

